===== phase 1 (sqlite) =====
===== phase 2 (engine) =====
2214|2926428|71420|1|4000
1|xxxxxx1|1
3|xxxxxxxx3-longer-value-longer-value|3
5|xxx5|5
8|again4|-4
15|xxx15|15
999|xxxxxxxxxxxxxxxxxxxxxxxxxxxxxxxxxxxxxxxxxxxx999-longer-value-longer-value|999
3999|xxxxxxxxxxxxxxxxxxxxxxxxxxxxxxxxxxxxxxxxxxxx3999-longer-value-longer-value|3999
4000|again2000|-2000
500
458
15
2000
again100
again1000
again1004
xxxxxxxxxxxxxxxxxxxxxxxxxxxxxxxxxxxxxxxxxxxxxxxxxxxxxxxxxxxxxxxx899
xxxxxxxxxxxxxxxxxxxxxxxxxxxxxxxxxxxxxxxxxxxxxxxxxxxxxxxxxxxxxxxx839
xxxxxxxxxxxxxxxxxxxxxxxxxxxxxxxxxxxxxxxxxxxxxxxxxxxxxxxxxxxxxxxx779
0
