===== phase 1 (sqlite) =====
===== phase 2 (engine) =====
1|a
2|b
3|c
table|t
===== phase 3 (sqlite) =====
===== phase 4 (engine) =====
2|B
3|c
4|d
2
3000|4501500
table|t
index|t_v
table|u
===== phase 5 (sqlite) =====
===== phase 6 (engine) =====
2|B|5
3|c|5
4|d|5
5|e|6
2|B5
3|c5
4|d5
5|e6
table|t2
view|vt
Error: no such table: u
Error: no such table: t
===== phase 7 (sqlite) =====
===== phase 8 (engine) =====
0
0
