lima|2
oslo|3
rome|2
2|rome
3|oslo
2|lima
0|2
1|5
LIMA|21.0
OSLO|1.5
ROME|16.0
LIMA|19.0
OSLO|-3.5
ROME|14.0
0|3
1|3
2|1
0|32.0
1|35.0
lima|1|2
oslo|0|3
rome|1|2
lima|20.0
rome|15.0
oslo|-1.0
rome|2
oslo|3
lima|2
oslo|1.5
rome|30.0
lima|40.0
Error: 1st GROUP BY term out of range - should be between 1 and 2
Error: 1st GROUP BY term out of range - should be between 1 and 2
Error: aggregate functions are not allowed in the GROUP BY clause
Error: aggregate functions are not allowed in the GROUP BY clause
