Error: cannot commit - no transaction is active
Error: cannot rollback - no transaction is active
Error: cannot start a transaction within a transaction
1
2
0
Error: cannot commit - no transaction is active
Error: cannot rollback - no transaction is active
3
Error: cannot start a transaction within a transaction
3
Error: incomplete input
3
5
6
Error: near "SOMETIMES": syntax error
3
Error: cannot commit - no transaction is active
3
5
6
70
2
3
5
