1|pen|3
4|clip|1
5|mug|8
mug
pen
3|12
mug
pen
clip
clip
mug
pen:6
clip:2
mug:16
pen
clip
tape
2
clip
tape
clip|office
tape|office
2
desk
lamp
mug
CLIP|0|office
DESK|15|furniture
LAMP|4|furniture
MUG|1|none
TAPE|0|office
furniture|2
none|1
office|2
3|lamp|40|furniture
view|allp|allp
view|cheap|cheap
view|labels|labels
1|two
2|two
