1|apple
2|fig
3|pear
4|date
5|kiwi
5|kiwi
4|date
3|pear
2|fig
1|apple
apple
date
fig
kiwi
pear
-5|kiwi
-4|date
-3|pear
-2|fig
-1|apple
3|fig
4|date
4|kiwi
4|pear
5|apple
1|1
1|3
1|5
0|2
0|4
kiwi|-5
date|-4
pear|-3
fig|-2
apple|-1
apple|1
date|4
fig|2
kiwi|5
pear|3
apple|1
fig|2
pear|3
date|4
kiwi|5
5|kiwi
4|date
3|pear
2|fig
1|apple
-4.0|fig
0.0|kiwi
1.5|pear
2.5|date
9.25|apple
apple
date
pear
kiwi
fig
apple
fig
pear
date
kiwi
15
14
A
B2
b
c
A
b
B2
c
Error: no such column: nosuch
Error: no such column: missing
