2|al
4|bo
5|cy
1|mia
3|zed
3|zed
1|mia
5|cy
4|bo
2|al
bo|NULL
cy|3.25
mia|7.5
zed|7.5
al|9.0
al|9.0
zed|7.5
mia|7.5
cy|3.25
bo|NULL
mia|3
zed|3
al|2
bo|2
cy|2
0|5
1|2
2|4
3|1
4|3
4|bo|NULL
5|cy|3.25
1|mia|7.5
3|zed|7.5
2|al|9.0
2|al|9.0
4|bo|NULL
5|cy|3.25
1|mia|7.5
3|zed|7.5
al|9.0
mia|7.5
zed|7.5
cy|3.25
bo|NULL
2|al
4|bo
5|cy
1|mia
3|zed
cy|3.25
mia|7.5
zed|7.5
al|9.0
bo|NULL
A
C
a2
b
A
a2
b
C
5
4
3
2
1
Error: 1st ORDER BY term out of range - should be between 1 and 2
Error: 1st ORDER BY term out of range - should be between 1 and 2
Error: 1st ORDER BY term out of range - should be between 1 and 3
Error: 2nd ORDER BY term out of range - should be between 1 and 1
