eng|120|ann
eng|120|fay
eng|100|cat
hr|70|eve
hr|NULL|gus
ops|110|hal
ops|90|bob
ops|90|dan
ops|90|dan
ops|90|bob
ops|110|hal
hr|NULL|gus
hr|70|eve
eng|100|cat
eng|120|fay
eng|120|ann
ann
fay
hal
cat
bob
dan
eve
gus
fay
cat
ann
gus
eve
hal
dan
bob
gus|NULL
ann|120
cat|100
fay|120
bob|90
dan|90
eve|70
hal|110
eve
gus
bob
ann
fay
cat
dan
hal
eve|hr
gus|hr
ann|eng
cat|eng
fay|eng
bob|ops
dan|ops
hal|ops
eve
bob
dan
cat
hal
ann
fay
gus
ann|120
fay|120
hal|110
cat|100
bob|90
dan|90
eve|70
gus|NULL
hal
gus
fay
eve
dan
cat
bob
ann
ann|eng
cat|eng
fay|eng
bob|ops
dan|ops
eve|hr
gus|hr
hal|ops
2|bob
4|dan
8|hal
3|cat
1|ann
6|fay
