1|a|10
2|b|20
1|a|10
2|b|20
1|a|10
2|b|20
5|e|50
Error: UNIQUE constraint failed: t.id
1|a|10
2|b|20
5|e|50
1|a|10
2|b|20
5|e|50
6|f|60
9|i|90
Error: NOT NULL constraint failed: n.x
Error: CHECK constraint failed: x > 0
a|1
1|2|first
Error: ON CONFLICT clause does not match any PRIMARY KEY or UNIQUE constraint
Error: ON CONFLICT clause does not match any PRIMARY KEY or UNIQUE constraint
1|2|first
10|k|100
