===== phase 1 (engine) =====
Error: view v_rich already exists
===== phase 2 (sqlite) =====
ok
view|v nested|v nested
view|v_dept_totals|v_dept_totals
view|v_names|v_names
view|v_ranked|v_ranked
view|v_rich|v_rich
ann|100
ben|120
empty|0|NULL
eng|2|220
ops|2|185
8
eng|440
ops|370
ben|1
ann|2
eve|3
cid|4
dee|5
===== phase 3 (engine) =====
empty|1|200
eng|2|220
ops|2|185
empty
ops
===== phase 4 (sqlite) =====
view|v nested
view|v_by_sqlite
view|v_dept_totals
view|v_ranked
view|v_rich
