NULL
NULL
-2.5
-2
1.5
2
2.0
3

10
A
b
X''
X'00'
X'0001'
X'0001'
X'00'
X''
b
A
10

3
2
2.0
1.5
-2
-2.5
NULL
NULL
6|null
14|null
15|real
7|integer
2|real
10|integer
12|real
1|integer
11|text
8|text
4|text
3|text
9|blob
5|blob
13|blob
12|2.0
10|2
3.5|real
20|integer
100|integer
100|text
20|text
3|text
3|text
20|text
100|text
100|integer
20|integer
3.5|real
Z
e
z
é
ÿ
中
😀
X''
X'00'
X'0000'
X'00FF'
X'7F'
X'80'
X'FF'
X'FF'
X'80'
X'7F'
X'00FF'
X'0000'
X'00'
X''
