1
2
3
4
5
1
2
3
4
5
5
4
3
2
1
alice
bob
carol
dave
eve
eve
dave
carol
bob
alice
dave|6.25
carol|7.5
bob|8.0
alice|9.0
eve|10.0
eve|10.0
alice|9.0
bob|8.0
carol|7.5
dave|6.25
dave
carol
bob
alice
eve
eve
dave
carol
bob
alice
dave
carol
bob
alice
eve
eve
carol
bob
alice
eve
dave
carol
bob
alice
alice
bob
carol
dave
eve
-100
-5
0
1
5
100
100
5
1
0
-5
-100
 
10
9
A
B
_
a
aB
ab
b
b
ab
aB
a
_
B
A
9
10
 
Error: no such column: nosuch
