NULL|gus
eng|amy
eng|cal
eng|zoe
hr|eli
hr|fay
ops|bob
ops|dan
ops|hal
ops|bob
ops|dan
ops|hal
hr|eli
hr|fay
eng|amy
eng|cal
eng|zoe
NULL|gus
NULL|gus
eng|zoe
eng|cal
eng|amy
hr|fay
hr|eli
ops|hal
ops|dan
ops|bob
ops|hal
ops|dan
ops|bob
hr|fay
hr|eli
eng|zoe
eng|cal
eng|amy
NULL|gus
22|dan
25|amy
30|cal
30|zoe
35|eli
35|fay
40|bob
40|hal
50|gus
50|70|gus
40|90|bob
40|95|hal
35|80|eli
35|85|fay
30|100|zoe
30|110|cal
25|120|amy
22|90|dan
70|NULL|gus
80|hr|eli
85|hr|fay
90|ops|bob
90|ops|dan
95|ops|hal
100|eng|zoe
110|eng|cal
120|eng|amy
NULL|50|gus
eng|25|amy
eng|30|cal
eng|30|zoe
hr|35|eli
hr|35|fay
ops|22|dan
ops|40|bob
ops|40|hal
gus|20
eli|45
bob|50
fay|50
hal|55
dan|68
zoe|70
cal|80
amy|95
gus
bob
hal
eli
fay
cal
zoe
amy
dan
amy
bob
cal
dan
eli
fay
gus
hal
zoe
eng|amy|120
eng|cal|110
eng|zoe|100
ops|hal|95
ops|bob|90
ops|dan|90
