amy|-11.0|rest
ben|14.0|top
cal|4.0|rest
dot|-21.0|rest
eve|14.0|top
amy|17.3
ben|23.5
cal|21.0
dot|14.8
eve|23.5
amy|-3
ben|1
cal|0
dot|-1
eve|4
eve
ben
cal
amy
dot
cal|85
ben|95
eve|95
dot|60
amy|70
ben|0.75
eve|0.75
cal|0.5
amy|0.25
dot|0.0
amy|40|98
ben|130|98
cal|200|98
dot|220|98
eve|310|98
amy|2|2
ben|3|3
cal|1|3
dot|5|2
eve|3|3
amy|001|-
ben|002|amy
cal|003|ben
dot|004|cal
eve|005|dot
amy|BEN
ben|BEN
cal|BEN
dot|BEN
eve|BEN
amy|0
ben|1
cal|0
dot|0
eve|1
amy|1
ben|1
cal|0
dot|0
eve|1
amy|real|70
ben|2|5
cal|3|5
Error: misuse of window function row_number()
Error: misuse of window function rank()
