eng|ann|150
eng|cy|150
hr|gil|70
ops|flo|95
ops|hal|95
eng|ann
eng|cy
hr|gil
ops|flo
ops|hal
eng|ann|150|1
eng|cy|150|1
eng|bob|120|2
hr|gil|70|1
ops|flo|95|1
ops|hal|95|1
ops|ed|80|2
eng|dee
hr|gil
ops|flo
1|eng|150
2|eng|120
4|eng|90
5|ops|80
6|ops|95
7|hr|70
ann
cy
flo
hal
flo
bob|120
flo|95
hal|1
ed|2
cy|3
ann|3|5
bob|3|7
cy|3|5
dee|3|8
ed|1|3
flo|1|1
gil|2|4
hal|1|1
ann
cy
eng
ops
