1|ant
2|bee
3|cat
4|dog
5|eel
6|fox
6|fox
5|eel
4|dog
3|cat
2|bee
1|ant
1|ant
2|bee
3|cat
4|dog
5|eel
6|fox
6|fox
5|eel
4|dog
3|cat
2|bee
1|ant
2|bee
4|dog
6|fox
10|ant
30|cat
50|eel
y|1
y|2
x|1
x|3
x|3
x|1
y|2
y|1
Zed
ant
cat
eel
NULL
ant
cat
eel
Zed
Zed
ant
cat
eel
6
5
3
2
1
0
3
5
Error: 1st ORDER BY term out of range - should be between 1 and 1
Error: 1st ORDER BY term does not match any column in the result set
Error: ORDER BY clause should come after UNION not before
