reds|2|35
blues|3|44
greens|0|NULL
reds|bob
blues|eve
greens|NULL
reds|ann
blues|cat
greens|NULL
ann|-7.5
bob|7.5
cat|-7.666666666666666
dan|-7.666666666666666
eve|15.333333333333334
bob|1
ann|2
eve|1
cat|2
dan|2
1|10
2|35
3|42
4|49
5|79
reds|5
blues|5
greens|5
reds|ann+bob
blues|cat+dan+eve
greens|NULL
reds|50
blues|60
greens|0
REDS:2
BLUES:3
GREENS:0
reds|10|25
blues|7|30
greens|NULL|NULL
ann|reds|1
bob|reds|1
cat|blues|2
dan|blues|2
eve|blues|2
reds|bob|1
blues|eve|0
greens|NULL|0
