red|S
red|M
green|S
green|M
blue|S
blue|M
6
red|1|S|1
red|1|M|2
green|2|S|1
green|2|M|2
blue|3|S|1
blue|3|M|2
S|1|red
M|2|red
S|1|green
M|2|green
S|1|blue
M|2|blue
red|S
green|M
green|S
blue|S
blue|M
red|green
red|blue
green|blue
18
red|M|red
red|M|green
red|M|blue
0
red-S|11
red-M|12
green-S|21
green-M|22
blue-S|31
blue-M|32
M|blue
Error: no such table: nosuch
Error: no such column: colors.label
