NULL|NULL|bn
NULL|an|NULL
1|a1|NULL
2|a2|b2
3|NULL|b3
NULL|NULL|NULL
NULL|NULL|NULL
1|1|NULL
2|2|2
3|NULL|3
NULL|NULL|bn
NULL|an|NULL
1|a1|NULL
2|a2|b2
3|NULL|b3
NULL|NULL|bn
NULL|an|NULL
1|a1|NULL
2|a2|b2
3|NULL|b3
NULL|NULL|bn
2|a2|b2
3|NULL|b3
NULL|NULL|bn
2|a2|b2
3|NULL|b3
NULL|an|NULL
1|a1|NULL
2|a2|b2
2
3
2
0|3
1|2
NULL|NULL|bn|NULL
NULL|an|NULL|NULL
1|a1|NULL|NULL
2|a2|b2|NULL
3|NULL|b3|c3
4|NULL|NULL|c4
6
1|1|p11|NULL
1|2|p12|q12
2|2|NULL|q22
