ann|eng
bob|eng
cid|ops
ann|eng
bob|eng
cid|ops
eng
ops
ann|eng
bob|eng
ann|ops
ann|sales
bob|ops
bob|sales
cid|sales
15
0
0
ann
bob
ann
bob
ann|1|eng
bob|1|eng
cid|2|ops
eng|10|ann|1|120
eng|11|bob|1|100
ops|12|cid|2|90
1|eng|10|ann|1|120
1|eng|11|bob|1|100
2|ops|12|cid|2|90
cid|ops
bob|eng
ann|eng
ann|ops
bob|ops
cid|sales
Error: no such column: other.id
Error: no such column: emp.nosuch
