alice|100|50
alice|101|25
bob|NULL|NULL
carol|102|10
dan|NULL|NULL
alice|100
alice|101
bob|NULL
carol|102
dan|NULL
1|alice|100|1|50
1|alice|101|1|25
2|bob|NULL|NULL|NULL
3|carol|102|3|10
4|dan|NULL|NULL|NULL
bob|null|null|1
dan|null|null|1
5
100|alice
101|alice
102|carol
103|NULL
104|NULL
alice|50|51|100
alice|25|26|101
bob|0|NULL|none
carol|10|11|102
dan|0|NULL|none
alice|2|2|75
bob|1|0|0
carol|1|1|10
dan|1|0|0
alice|NULL
bob|NULL
carol|NULL
dan|NULL
alice|5
bob|5
carol|5
dan|5
alice|NULL
bob|NULL
carol|NULL
dan|NULL
