a1|NULL|NULL
a2|b2|NULL
a3|b3|c3
a1|NULL|NULL
a2|b2|NULL
a3|b3|c3
a3|b3|c3
a3|b3|c3
NULL|NULL|c4
NULL|NULL|c5
a3|b3|c3
NULL|NULL|c4
NULL|NULL|c5
a2|b2|NULL
a3|b3|c3
NULL|b4|c4
a1|NULL|NULL
a2|b2|NULL
a3|b3|c3
NULL|b4|c4
NULL|NULL|c5
a3|b3|c3
NULL|b4|c4
a3|b3|c3
NULL|b4|c4
NULL|NULL|c5
3|3|2|1
5|3|3|3
5|2|3|3
NULL|NULL|c4
NULL|NULL|c5
a1|NULL|NULL
a2|b2|NULL
