ann|eng
bob|eng
NULL|hr
NULL|limbo
cid|ops
ann|eng
bob|eng
NULL|hr
NULL|limbo
cid|ops
ann|1|1|eng
bob|1|1|eng
NULL|NULL|3|hr
NULL|NULL|NULL|limbo
cid|2|2|ops
ann|eng
bob|eng
NULL|hr
NULL|limbo
cid|ops
eng|2
hr|0
limbo|0
ops|1
hr
limbo
hr|null|null
limbo|null|null
NULL|eng
NULL|hr
NULL|limbo
NULL|ops
NULL|eng
NULL|hr
NULL|limbo
NULL|ops
ann|bob|eng
NULL|NULL|hr
NULL|NULL|limbo
NULL|NULL|ops
NULL|limbo|nowhere
ann|eng|paris
bob|eng|paris
NULL|hr|rome
