cto|ceo
cfo|ceo
dev1|cto
dev2|cto
acct|cfo
intern|dev1
ceo|NULL
cto|ceo
cfo|ceo
dev1|cto
dev2|cto
acct|cfo
intern|dev1
dev1|cto|ceo
dev2|cto|ceo
acct|cfo|ceo
intern|dev1|cto
cto|50
cfo|60
dev1|100
dev2|90
intern|100
ceo|2
cto|2
cfo|1
dev1|1
dev2|0
acct|0
intern|0
cto|cfo
dev1|dev2
ceo|1
cto|2
cfo|3
dev2|4
dev1|5
acct|6
intern|7
cto|cfo
dev2|dev1
1|2|3
1|2|4
2|3|1
2|4|4
3|1|2
4|4|4
4|4
4
